============================= test session starts =============================
platform win32 -- Python 3.14.3, pytest-9.0.2, pluggy-1.6.0 -- C:\Users\mro84\Local AI Chatbot POC\.venv\Scripts\python.exe
cachedir: .pytest_cache
rootdir: C:\Users\mro84\Local AI Chatbot POC
plugins: anyio-4.12.1
